C51 COMPILER V9.54   MAIN                                                                  08/20/2023 17:47:26 PAGE 1   


C51 COMPILER V9.54, COMPILATION OF MODULE MAIN
OBJECT MODULE PLACED IN .\Objects\main.obj
COMPILER INVOKED BY: D:\0102\C51\BIN\C51.EXE main.c OPTIMIZE(8,SPEED) BROWSE DEBUG OBJECTEXTEND PRINT(.\Listings\main.ls
                    -t) TABS(2) OBJECT(.\Objects\main.obj)

line level    source

   1          #include "reg52.h"
   2          
   3          typedef unsigned int UINT32;
   4          typedef unsigned char UINT8;
   5          
   6          #define LED_PORT  P2     //LED管脚
   7          #define SAMG_A_DP_PORT P0   //数码管PORT
   8          sbit BEEP_PORT = P2^5;   //蜂鸣器管脚
   9          
  10          void delay_10us(UINT32 time_us)
  11          {
  12   1        while(time_us--);
  13   1      }
  14          
  15          /*void led_run(void)
  16          {
  17            UINT8 i = 0;
  18            
  19            for(i=0;i<9;i++)
  20            {
  21              LED_PORT = ~(0x1<<i);//内部省去了寄存器写入接口，直接赋值即可；
  22              delay_10us(50000);
  23            }
  24          }
  25          
  26          void beep_run(void)
  27          {
  28            UINT8 i = 2000;
  29            
  30            while(i > 0)
  31              {
  32                BEEP_PORT=!BEEP_PORT;
  33                delay_10us(50000);
  34                BEEP_PORT=0;
  35                i--;
  36              }
  37          }*/
  38          
  39           /* void smg_run(void)
  40          {
  41            //共阴极数码管显示0~F的段码数据
  42          UINT8 gsmg_code[17]={0x3f,0x06,0x5b,0x4f,0x66,0x6d,0x7d,0x07,
  43                  0x7f,0x6f,0x77,0x7c,0x39,0x5e,0x79,0x71};
  44            //UINT8 i = 100000;
  45            UINT8 index = 0;
  46          
  47            //while(i > 0)
  48            //{
  49              //for(index = 0;index<17;index++)
  50              //{
  51                SAMG_A_DP_PORT = gsmg_code[0];
  52                //delay_10us(10000);
  53              //}
  54              //i--;
C51 COMPILER V9.54   MAIN                                                                  08/20/2023 17:47:26 PAGE 2   

  55            //}
  56                      
  57          } */
  58          
  59          void main()
  60          {
  61   1        //led_run();
  62   1        //beep_run(); 
  63   1        
  64   1        UINT8 gsmg_code[17]={0x3f,0x06,0x5b,0x4f,0x66,0x6d,0x7d,0x07,0x7f,0x6f,0x77,0x7c,0x39,0x5e,0x79,0x71};
  65   1        UINT8 i = 0;
  66   1        
  67   1        
  68   1        while(1)
  69   1        {
  70   2          for(i=0;i<16;i++)
  71   2          {
  72   3            SAMG_A_DP_PORT = gsmg_code[i];
  73   3            delay_10us(200000);
  74   3          }
  75   2        }
  76   1      }


MODULE INFORMATION:   STATIC OVERLAYABLE
   CODE SIZE        =     52    ----
   CONSTANT SIZE    =     17    ----
   XDATA SIZE       =   ----    ----
   PDATA SIZE       =   ----    ----
   DATA SIZE        =   ----      17
   IDATA SIZE       =   ----    ----
   BIT SIZE         =   ----    ----
END OF MODULE INFORMATION.


C51 COMPILATION COMPLETE.  0 WARNING(S),  0 ERROR(S)
